org/intb/requests/blob/DeleteBlobRequest.class
org/intb/requests/user/GetUserByIdRequest.class
org/intb/requests/task/AddTaskRequest.class
org/intb/entity/Blob.class
org/intb/requests/user/GetUserByCredentials.class
org/intb/response/blob/AddBlobResponse.class
org/intb/requests/user/AddUserRequest.class
org/intb/requests/task/GetTasksRequest.class
org/intb/requests/task/DeleteTaskRequest.class
org/intb/requests/task/EditTaskRequest.class
org/intb/requests/user/EditUserRequest.class
org/intb/MainService.class
org/intb/entity/User.class
org/intb/requests/blob/AddBlobRequest.class
org/intb/response/task/EditTaskResponse.class
org/intb/response/GetCategoriesResponse.class
org/intb/response/task/AddTaskResponse.class
org/intb/response/user/DeleteUserResponse.class
org/intb/requests/user/DeleteUserRequest.class
org/intb/ServerApplication.class
org/intb/response/task/DeleteTaskResponse.class
org/intb/response/task/GetTasksResponse.class
org/intb/response/user/EditUserResponse.class
org/intb/response/blob/DeleteBlobResponse.class
org/intb/repositories/TaskRepository.class
org/intb/MainRestController.class
org/intb/response/blob/GetBlobsResponse.class
org/intb/repositories/BlobRepository.class
org/intb/response/AbstractResponse.class
org/intb/requests/user/ListUsersRequest.class
org/intb/requests/blob/GetBlobsRequest.class
org/intb/entity/Task.class
org/intb/entity/TaskStatus.class
org/intb/response/task/GetUserResponse.class
org/intb/repositories/UserRepository.class
org/intb/response/user/AddUserResponse.class
org/intb/requests/GetCategoriesRequest.class
org/intb/response/task/ListUsersResponse.class
