/home/sdfi/tobackup/intb/remote_todo/remote_todo_code/server/task_sheduler/src/main/java/org/intb/requests/user/DeleteUserRequest.java
/home/sdfi/tobackup/intb/remote_todo/remote_todo_code/server/task_sheduler/src/main/java/org/intb/entity/Task.java
/home/sdfi/tobackup/intb/remote_todo/remote_todo_code/server/task_sheduler/src/main/java/org/intb/entity/Blob.java
/home/sdfi/tobackup/intb/remote_todo/remote_todo_code/server/task_sheduler/src/main/java/org/intb/requests/user/ListUsersRequest.java
/home/sdfi/tobackup/intb/remote_todo/remote_todo_code/server/task_sheduler/src/main/java/org/intb/requests/user/GetUserByIdRequest.java
/home/sdfi/tobackup/intb/remote_todo/remote_todo_code/server/task_sheduler/src/main/java/org/intb/requests/blob/DeleteBlobRequest.java
/home/sdfi/tobackup/intb/remote_todo/remote_todo_code/server/task_sheduler/src/main/java/org/intb/response/task/DeleteTaskResponse.java
/home/sdfi/tobackup/intb/remote_todo/remote_todo_code/server/task_sheduler/src/main/java/org/intb/entity/User.java
/home/sdfi/tobackup/intb/remote_todo/remote_todo_code/server/task_sheduler/src/main/java/org/intb/repositories/TaskRepository.java
/home/sdfi/tobackup/intb/remote_todo/remote_todo_code/server/task_sheduler/src/main/java/org/intb/MainService.java
/home/sdfi/tobackup/intb/remote_todo/remote_todo_code/server/task_sheduler/src/main/java/org/intb/response/blob/GetBlobsResponse.java
/home/sdfi/tobackup/intb/remote_todo/remote_todo_code/server/task_sheduler/src/main/java/org/intb/requests/task/DeleteTaskRequest.java
/home/sdfi/tobackup/intb/remote_todo/remote_todo_code/server/task_sheduler/src/main/java/org/intb/response/task/GetTasksResponse.java
/home/sdfi/tobackup/intb/remote_todo/remote_todo_code/server/task_sheduler/src/main/java/org/intb/requests/user/EditUserRequest.java
/home/sdfi/tobackup/intb/remote_todo/remote_todo_code/server/task_sheduler/src/main/java/org/intb/entity/TaskStatus.java
/home/sdfi/tobackup/intb/remote_todo/remote_todo_code/server/task_sheduler/src/main/java/org/intb/requests/blob/GetBlobsRequest.java
/home/sdfi/tobackup/intb/remote_todo/remote_todo_code/server/task_sheduler/src/main/java/org/intb/response/GetCategoriesResponse.java
/home/sdfi/tobackup/intb/remote_todo/remote_todo_code/server/task_sheduler/src/main/java/org/intb/requests/user/GetUserByCredentials.java
/home/sdfi/tobackup/intb/remote_todo/remote_todo_code/server/task_sheduler/src/main/java/org/intb/response/blob/DeleteBlobResponse.java
/home/sdfi/tobackup/intb/remote_todo/remote_todo_code/server/task_sheduler/src/main/java/org/intb/response/task/AddTaskResponse.java
/home/sdfi/tobackup/intb/remote_todo/remote_todo_code/server/task_sheduler/src/main/java/org/intb/response/task/EditTaskResponse.java
/home/sdfi/tobackup/intb/remote_todo/remote_todo_code/server/task_sheduler/src/main/java/org/intb/response/user/EditUserResponse.java
/home/sdfi/tobackup/intb/remote_todo/remote_todo_code/server/task_sheduler/src/main/java/org/intb/requests/blob/AddBlobRequest.java
/home/sdfi/tobackup/intb/remote_todo/remote_todo_code/server/task_sheduler/src/main/java/org/intb/requests/task/EditTaskRequest.java
/home/sdfi/tobackup/intb/remote_todo/remote_todo_code/server/task_sheduler/src/main/java/org/intb/ServerApplication.java
/home/sdfi/tobackup/intb/remote_todo/remote_todo_code/server/task_sheduler/src/main/java/org/intb/response/task/GetUserResponse.java
/home/sdfi/tobackup/intb/remote_todo/remote_todo_code/server/task_sheduler/src/main/java/org/intb/requests/task/AddTaskRequest.java
/home/sdfi/tobackup/intb/remote_todo/remote_todo_code/server/task_sheduler/src/main/java/org/intb/repositories/UserRepository.java
/home/sdfi/tobackup/intb/remote_todo/remote_todo_code/server/task_sheduler/src/main/java/org/intb/response/task/ListUsersResponse.java
/home/sdfi/tobackup/intb/remote_todo/remote_todo_code/server/task_sheduler/src/main/java/org/intb/response/user/AddUserResponse.java
/home/sdfi/tobackup/intb/remote_todo/remote_todo_code/server/task_sheduler/src/main/java/org/intb/requests/GetCategoriesRequest.java
/home/sdfi/tobackup/intb/remote_todo/remote_todo_code/server/task_sheduler/src/main/java/org/intb/requests/user/AddUserRequest.java
/home/sdfi/tobackup/intb/remote_todo/remote_todo_code/server/task_sheduler/src/main/java/org/intb/MainRestController.java
/home/sdfi/tobackup/intb/remote_todo/remote_todo_code/server/task_sheduler/src/main/java/org/intb/requests/task/GetTasksRequest.java
/home/sdfi/tobackup/intb/remote_todo/remote_todo_code/server/task_sheduler/src/main/java/org/intb/repositories/BlobRepository.java
/home/sdfi/tobackup/intb/remote_todo/remote_todo_code/server/task_sheduler/src/main/java/org/intb/response/AbstractResponse.java
/home/sdfi/tobackup/intb/remote_todo/remote_todo_code/server/task_sheduler/src/main/java/org/intb/response/blob/AddBlobResponse.java
/home/sdfi/tobackup/intb/remote_todo/remote_todo_code/server/task_sheduler/src/main/java/org/intb/response/user/DeleteUserResponse.java
